{"level":"info","message":"Server running on port 8080","service":"hr-portal-backend","timestamp":"2025-07-19T06:22:08.727Z"}
{"level":"error","message":"Database connection failed: Could not connect to any servers in your MongoDB Atlas cluster. One common reason is that you're trying to access the database from an IP that isn't whitelisted. Make sure your current IP address is on your Atlas cluster's IP whitelist: https://www.mongodb.com/docs/atlas/security-whitelist/","reason":{"commonWireVersion":0,"compatible":true,"heartbeatFrequencyMS":10000,"localThresholdMS":15,"logicalSessionTimeoutMinutes":null,"maxElectionId":null,"maxSetVersion":null,"servers":{},"setName":"atlas-w70y85-shard-0","stale":false,"type":"ReplicaSetNoPrimary"},"service":"hr-portal-backend","stack":"MongooseServerSelectionError: Could not connect to any servers in your MongoDB Atlas cluster. One common reason is that you're trying to access the database from an IP that isn't whitelisted. Make sure your current IP address is on your Atlas cluster's IP whitelist: https://www.mongodb.com/docs/atlas/security-whitelist/\n    at _handleConnectionErrors (/Users/rounakk/Documents/Codes/Projects/devhire/backend/node_modules/mongoose/lib/connection.js:816:11)\n    at NativeConnection.openUri (/Users/rounakk/Documents/Codes/Projects/devhire/backend/node_modules/mongoose/lib/connection.js:791:11)\n    at process.processTicksAndRejections (node:internal/process/task_queues:105:5)\n    at async connectDB (file:///Users/rounakk/Documents/Codes/Projects/devhire/backend/src/config/database.config.js:6:18)\n    at async App.initializeDatabase (file:///Users/rounakk/Documents/Codes/Projects/devhire/backend/src/app.js:59:7)","timestamp":"2025-07-19T06:22:38.853Z"}
{"level":"info","message":"Server running on port 8080","service":"hr-portal-backend","timestamp":"2025-07-19T06:22:54.711Z"}
{"level":"info","message":"Server running on port 8080","service":"hr-portal-backend","timestamp":"2025-07-19T06:23:21.305Z"}
{"level":"info","message":"Server running on port 8080","service":"hr-portal-backend","timestamp":"2025-07-19T06:23:41.571Z"}
{"level":"error","message":"Database connection failed: Could not connect to any servers in your MongoDB Atlas cluster. One common reason is that you're trying to access the database from an IP that isn't whitelisted. Make sure your current IP address is on your Atlas cluster's IP whitelist: https://www.mongodb.com/docs/atlas/security-whitelist/","reason":{"commonWireVersion":0,"compatible":true,"heartbeatFrequencyMS":10000,"localThresholdMS":15,"logicalSessionTimeoutMinutes":null,"maxElectionId":null,"maxSetVersion":null,"servers":{},"setName":"atlas-w70y85-shard-0","stale":false,"type":"ReplicaSetNoPrimary"},"service":"hr-portal-backend","stack":"MongooseServerSelectionError: Could not connect to any servers in your MongoDB Atlas cluster. One common reason is that you're trying to access the database from an IP that isn't whitelisted. Make sure your current IP address is on your Atlas cluster's IP whitelist: https://www.mongodb.com/docs/atlas/security-whitelist/\n    at _handleConnectionErrors (/Users/rounakk/Documents/Codes/Projects/devhire/backend/node_modules/mongoose/lib/connection.js:816:11)\n    at NativeConnection.openUri (/Users/rounakk/Documents/Codes/Projects/devhire/backend/node_modules/mongoose/lib/connection.js:791:11)\n    at async connectDB (file:///Users/rounakk/Documents/Codes/Projects/devhire/backend/src/config/database.config.js:6:18)\n    at async App.initializeDatabase (file:///Users/rounakk/Documents/Codes/Projects/devhire/backend/src/app.js:59:7)","timestamp":"2025-07-19T06:24:11.736Z"}
{"level":"info","message":"Server running on port 8080","service":"hr-portal-backend","timestamp":"2025-07-19T06:24:33.116Z"}
{"level":"error","message":"Database connection failed: Could not connect to any servers in your MongoDB Atlas cluster. One common reason is that you're trying to access the database from an IP that isn't whitelisted. Make sure your current IP address is on your Atlas cluster's IP whitelist: https://www.mongodb.com/docs/atlas/security-whitelist/","reason":{"commonWireVersion":0,"compatible":true,"heartbeatFrequencyMS":10000,"localThresholdMS":15,"logicalSessionTimeoutMinutes":null,"maxElectionId":null,"maxSetVersion":null,"servers":{},"setName":"atlas-w70y85-shard-0","stale":false,"type":"ReplicaSetNoPrimary"},"service":"hr-portal-backend","stack":"MongooseServerSelectionError: Could not connect to any servers in your MongoDB Atlas cluster. One common reason is that you're trying to access the database from an IP that isn't whitelisted. Make sure your current IP address is on your Atlas cluster's IP whitelist: https://www.mongodb.com/docs/atlas/security-whitelist/\n    at _handleConnectionErrors (/Users/rounakk/Documents/Codes/Projects/devhire/backend/node_modules/mongoose/lib/connection.js:816:11)\n    at NativeConnection.openUri (/Users/rounakk/Documents/Codes/Projects/devhire/backend/node_modules/mongoose/lib/connection.js:791:11)\n    at async connectDB (file:///Users/rounakk/Documents/Codes/Projects/devhire/backend/src/config/database.config.js:6:18)\n    at async App.initializeDatabase (file:///Users/rounakk/Documents/Codes/Projects/devhire/backend/src/app.js:59:7)","timestamp":"2025-07-19T06:25:03.325Z"}
{"level":"info","message":"Server running on port 8080","service":"hr-portal-backend","timestamp":"2025-07-19T06:26:05.077Z"}
{"level":"info","message":"Server running on port 8080","service":"hr-portal-backend","timestamp":"2025-07-19T06:26:15.037Z"}
{"level":"info","message":"Server running on port 8080","service":"hr-portal-backend","timestamp":"2025-07-19T06:26:45.609Z"}
{"level":"error","message":"Database connection failed: Could not connect to any servers in your MongoDB Atlas cluster. One common reason is that you're trying to access the database from an IP that isn't whitelisted. Make sure your current IP address is on your Atlas cluster's IP whitelist: https://www.mongodb.com/docs/atlas/security-whitelist/","reason":{"commonWireVersion":0,"compatible":true,"heartbeatFrequencyMS":10000,"localThresholdMS":15,"logicalSessionTimeoutMinutes":null,"maxElectionId":null,"maxSetVersion":null,"servers":{},"setName":"atlas-w70y85-shard-0","stale":false,"type":"ReplicaSetNoPrimary"},"service":"hr-portal-backend","stack":"MongooseServerSelectionError: Could not connect to any servers in your MongoDB Atlas cluster. One common reason is that you're trying to access the database from an IP that isn't whitelisted. Make sure your current IP address is on your Atlas cluster's IP whitelist: https://www.mongodb.com/docs/atlas/security-whitelist/\n    at _handleConnectionErrors (/Users/rounakk/Documents/Codes/Projects/devhire/backend/node_modules/mongoose/lib/connection.js:816:11)\n    at NativeConnection.openUri (/Users/rounakk/Documents/Codes/Projects/devhire/backend/node_modules/mongoose/lib/connection.js:791:11)\n    at async connectDB (file:///Users/rounakk/Documents/Codes/Projects/devhire/backend/src/config/database.config.js:6:18)\n    at async App.initializeDatabase (file:///Users/rounakk/Documents/Codes/Projects/devhire/backend/src/app.js:59:7)","timestamp":"2025-07-19T06:27:15.999Z"}
{"level":"info","message":"Server running on port 8080","service":"hr-portal-backend","timestamp":"2025-07-19T06:31:51.577Z"}
{"level":"info","message":"MongoDB Connected: ac-lcaer74-shard-00-01.ifcniu4.mongodb.net","service":"hr-portal-backend","timestamp":"2025-07-19T06:31:52.468Z"}
{"level":"info","message":"Database connected successfully","service":"hr-portal-backend","timestamp":"2025-07-19T06:31:52.468Z"}
{"level":"warn","message":"MongoDB disconnected","service":"hr-portal-backend","timestamp":"2025-07-19T06:38:22.870Z"}
{"level":"info","message":"MongoDB reconnected","service":"hr-portal-backend","timestamp":"2025-07-19T06:38:33.405Z"}
{"level":"info","message":"Server running on port 8080","service":"hr-portal-backend","timestamp":"2025-07-19T06:47:14.426Z"}
{"level":"info","message":"MongoDB Connected: ac-lcaer74-shard-00-00.ifcniu4.mongodb.net","service":"hr-portal-backend","timestamp":"2025-07-19T06:47:15.428Z"}
{"level":"info","message":"Database connected successfully","service":"hr-portal-backend","timestamp":"2025-07-19T06:47:15.429Z"}
{"level":"info","message":"Server running on port 8080","service":"hr-portal-backend","timestamp":"2025-07-19T06:47:16.751Z"}
{"level":"info","message":"MongoDB Connected: ac-lcaer74-shard-00-02.ifcniu4.mongodb.net","service":"hr-portal-backend","timestamp":"2025-07-19T06:47:17.354Z"}
{"level":"info","message":"Database connected successfully","service":"hr-portal-backend","timestamp":"2025-07-19T06:47:17.354Z"}
{"level":"info","message":"SIGINT received, shutting down gracefully","service":"hr-portal-backend","timestamp":"2025-07-19T06:50:16.926Z"}
{"level":"info","message":"Server running on port 8080","service":"hr-portal-backend","timestamp":"2025-07-19T10:58:58.799Z"}
{"level":"info","message":"MongoDB Connected: ac-lcaer74-shard-00-01.ifcniu4.mongodb.net","service":"hr-portal-backend","timestamp":"2025-07-19T10:59:01.621Z"}
{"level":"info","message":"Database connected successfully","service":"hr-portal-backend","timestamp":"2025-07-19T10:59:01.622Z"}
{"level":"warn","message":"MongoDB disconnected","service":"hr-portal-backend","timestamp":"2025-07-19T11:23:55.911Z"}
{"level":"info","message":"MongoDB reconnected","service":"hr-portal-backend","timestamp":"2025-07-19T11:24:06.247Z"}
{"level":"warn","message":"MongoDB disconnected","service":"hr-portal-backend","timestamp":"2025-07-19T11:39:25.817Z"}
{"level":"info","message":"MongoDB reconnected","service":"hr-portal-backend","timestamp":"2025-07-19T11:39:36.489Z"}
{"level":"warn","message":"MongoDB disconnected","service":"hr-portal-backend","timestamp":"2025-07-19T11:54:42.293Z"}
{"level":"info","message":"MongoDB reconnected","service":"hr-portal-backend","timestamp":"2025-07-19T11:54:52.502Z"}
{"level":"warn","message":"MongoDB disconnected","service":"hr-portal-backend","timestamp":"2025-07-19T12:01:27.544Z"}
{"level":"info","message":"MongoDB reconnected","service":"hr-portal-backend","timestamp":"2025-07-19T12:01:37.774Z"}
{"level":"warn","message":"MongoDB disconnected","service":"hr-portal-backend","timestamp":"2025-07-19T13:05:50.136Z"}
{"level":"info","message":"MongoDB reconnected","service":"hr-portal-backend","timestamp":"2025-07-19T13:20:59.829Z"}
{"level":"warn","message":"MongoDB disconnected","service":"hr-portal-backend","timestamp":"2025-07-19T13:36:29.482Z"}
{"level":"info","message":"MongoDB reconnected","service":"hr-portal-backend","timestamp":"2025-07-19T13:36:39.713Z"}
{"level":"warn","message":"MongoDB disconnected","service":"hr-portal-backend","timestamp":"2025-07-19T13:51:59.594Z"}
{"level":"info","message":"MongoDB reconnected","service":"hr-portal-backend","timestamp":"2025-07-19T13:52:09.911Z"}
{"level":"warn","message":"MongoDB disconnected","service":"hr-portal-backend","timestamp":"2025-07-19T13:58:47.129Z"}
{"level":"info","message":"MongoDB reconnected","service":"hr-portal-backend","timestamp":"2025-07-19T13:58:57.365Z"}
{"level":"info","message":"Server running on port 8080","service":"hr-portal-backend","timestamp":"2025-07-19T16:26:55.856Z"}
{"level":"info","message":"MongoDB Connected: ac-lcaer74-shard-00-01.ifcniu4.mongodb.net","service":"hr-portal-backend","timestamp":"2025-07-19T16:26:56.578Z"}
{"level":"info","message":"Database connected successfully","service":"hr-portal-backend","timestamp":"2025-07-19T16:26:56.578Z"}
{"level":"warn","message":"MongoDB disconnected","service":"hr-portal-backend","timestamp":"2025-07-19T18:06:59.906Z"}
{"level":"info","message":"MongoDB reconnected","service":"hr-portal-backend","timestamp":"2025-07-19T18:07:10.315Z"}
{"level":"warn","message":"MongoDB disconnected","service":"hr-portal-backend","timestamp":"2025-07-19T18:22:29.287Z"}
{"level":"info","message":"MongoDB reconnected","service":"hr-portal-backend","timestamp":"2025-07-19T18:22:39.630Z"}
